

================================================================
== Vitis HLS Report for 'FFT'
================================================================
* Date:           Sat May 31 21:01:37 2025

* Version:        2021.1 (Build 3247384 on Thu Jun 10 19:36:07 MDT 2021)
* Project:        report
* Solution:       solution1 (Vivado IP Flow Target)
* Product family: zynq
* Target device:  xc7z020-clg400-1


================================================================
== Performance Estimates
================================================================
+ Timing: 
    * Summary: 
    +--------+----------+----------+------------+
    |  Clock |  Target  | Estimated| Uncertainty|
    +--------+----------+----------+------------+
    |ap_clk  |  10.00 ns|  7.300 ns|     2.70 ns|
    +--------+----------+----------+------------+

+ Latency: 
    * Summary: 
    +---------+---------+----------+----------+-----+-----+---------+
    |  Latency (cycles) |  Latency (absolute) |  Interval | Pipeline|
    |   min   |   max   |    min   |    max   | min | max |   Type  |
    +---------+---------+----------+----------+-----+-----+---------+
    |      374|      374|  3.740 us|  3.740 us|  375|  375|       no|
    +---------+---------+----------+----------+-----+-----+---------+

    + Detail: 
        * Instance: 
        +--------------------------------------------+---------------------------------+---------+---------+----------+----------+-----+-----+---------+
        |                                            |                                 |  Latency (cycles) |  Latency (absolute) |  Interval | Pipeline|
        |                  Instance                  |              Module             |   min   |   max   |    min   |    max   | min | max |   Type  |
        +--------------------------------------------+---------------------------------+---------+---------+----------+----------+-----+-----+---------+
        |grp_FFT_Pipeline_Input_loop_fu_136          |FFT_Pipeline_Input_loop          |       74|       74|  0.740 us|  0.740 us|   74|   74|       no|
        |grp_FFT_Pipeline_bitreversal_label1_fu_151  |FFT_Pipeline_bitreversal_label1  |       35|       35|  0.350 us|  0.350 us|   35|   35|       no|
        |grp_FFT0_1_fu_165                           |FFT0_1                           |       39|       39|  0.390 us|  0.390 us|   39|   39|       no|
        |grp_FFT_Pipeline_FFT_label1_fu_213          |FFT_Pipeline_FFT_label1          |       22|       22|  0.220 us|  0.220 us|   22|   22|       no|
        |grp_FFT_Pipeline_Output_loop_fu_229         |FFT_Pipeline_Output_loop         |       72|       72|  0.720 us|  0.720 us|   72|   72|       no|
        +--------------------------------------------+---------------------------------+---------+---------+----------+----------+-----+-----+---------+

        * Loop: 
        N/A



================================================================
== Utilization Estimates
================================================================
* Summary: 
+-----------------+---------+-----+--------+-------+-----+
|       Name      | BRAM_18K| DSP |   FF   |  LUT  | URAM|
+-----------------+---------+-----+--------+-------+-----+
|DSP              |        -|    -|       -|      -|    -|
|Expression       |        -|    -|       0|     37|    -|
|FIFO             |        -|    -|       -|      -|    -|
|Instance         |        8|    8|    2319|   3219|    -|
|Memory           |        0|    -|     467|    118|    0|
|Multiplexer      |        -|    -|       -|   1026|    -|
|Register         |        -|    -|     104|      -|    -|
+-----------------+---------+-----+--------+-------+-----+
|Total            |        8|    8|    2890|   4400|    0|
+-----------------+---------+-----+--------+-------+-----+
|Available        |      280|  220|  106400|  53200|    0|
+-----------------+---------+-----+--------+-------+-----+
|Utilization (%)  |        2|    3|       2|      8|    0|
+-----------------+---------+-----+--------+-------+-----+

+ Detail: 
    * Instance: 
    +--------------------------------------------+---------------------------------+---------+----+-----+-----+-----+
    |                  Instance                  |              Module             | BRAM_18K| DSP|  FF | LUT | URAM|
    +--------------------------------------------+---------------------------------+---------+----+-----+-----+-----+
    |grp_FFT0_1_fu_165                           |FFT0_1                           |        0|   4|  348|  625|    0|
    |grp_FFT_Pipeline_FFT_label1_fu_213          |FFT_Pipeline_FFT_label1          |        0|   4|  249|  321|    0|
    |grp_FFT_Pipeline_Input_loop_fu_136          |FFT_Pipeline_Input_loop          |        0|   0|  382|  456|    0|
    |grp_FFT_Pipeline_Output_loop_fu_229         |FFT_Pipeline_Output_loop         |        0|   0|  178|  424|    0|
    |grp_FFT_Pipeline_bitreversal_label1_fu_151  |FFT_Pipeline_bitreversal_label1  |        0|   0|   26|   65|    0|
    |control_s_axi_U                             |control_s_axi                    |        0|   0|  112|  168|    0|
    |data_IN_m_axi_U                             |data_IN_m_axi                    |        4|   0|  512|  580|    0|
    |data_OUT_m_axi_U                            |data_OUT_m_axi                   |        4|   0|  512|  580|    0|
    +--------------------------------------------+---------------------------------+---------+----+-----+-----+-----+
    |Total                                       |                                 |        8|   8| 2319| 3219|    0|
    +--------------------------------------------+---------------------------------+---------+----+-----+-----+-----+

    * DSP: 
    N/A

    * Memory: 
    +----------------------+--------------------+---------+----+----+-----+------+-----+------+-------------+
    |        Memory        |       Module       | BRAM_18K| FF | LUT| URAM| Words| Bits| Banks| W*Bits*Banks|
    +----------------------+--------------------+---------+----+----+-----+------+-----+------+-------------+
    |W_M_imag_V_U          |W_M_imag_V          |        0|   9|   3|    0|    16|    9|     1|          144|
    |W_M_real_V_U          |W_M_real_V          |        0|  10|   3|    0|    16|   10|     1|          160|
    |data_OUT0_M_real_V_U  |data_OUT0_M_real_V  |        0|  32|   8|    0|    32|   16|     1|          512|
    |data_OUT0_M_imag_V_U  |data_OUT0_M_real_V  |        0|  32|   8|    0|    32|   16|     1|          512|
    |data_OUT1_M_real_V_U  |data_OUT0_M_real_V  |        0|  32|   8|    0|    32|   16|     1|          512|
    |data_OUT1_M_imag_V_U  |data_OUT0_M_real_V  |        0|  32|   8|    0|    32|   16|     1|          512|
    |data_OUT2_M_real_V_U  |data_OUT0_M_real_V  |        0|  32|   8|    0|    32|   16|     1|          512|
    |data_OUT2_M_imag_V_U  |data_OUT0_M_real_V  |        0|  32|   8|    0|    32|   16|     1|          512|
    |data_OUT3_M_real_V_U  |data_OUT0_M_real_V  |        0|  32|   8|    0|    32|   16|     1|          512|
    |data_OUT3_M_imag_V_U  |data_OUT0_M_real_V  |        0|  32|   8|    0|    32|   16|     1|          512|
    |data_OUT4_M_real_V_U  |data_OUT0_M_real_V  |        0|  32|   8|    0|    32|   16|     1|          512|
    |data_OUT4_M_imag_V_U  |data_OUT0_M_real_V  |        0|  32|   8|    0|    32|   16|     1|          512|
    |xin_M_real_V_U        |xin_M_real_V        |        0|  32|   8|    0|    32|   16|     1|          512|
    |xin_M_imag_V_U        |xin_M_real_V        |        0|  32|   8|    0|    32|   16|     1|          512|
    |xout_M_real_V_U       |xout_M_real_V       |        0|  32|   8|    0|    32|   16|     1|          512|
    |xout_M_imag_V_U       |xout_M_real_V       |        0|  32|   8|    0|    32|   16|     1|          512|
    +----------------------+--------------------+---------+----+----+-----+------+-----+------+-------------+
    |Total                 |                    |        0| 467| 118|    0|   480|  243|    16|         7472|
    +----------------------+--------------------+---------+----+----+-----+------+-----+------+-------------+

    * FIFO: 
    N/A

    * Expression: 
    +-----------------------+----------+----+---+----+------------+------------+
    |     Variable Name     | Operation| DSP| FF| LUT| Bitwidth P0| Bitwidth P1|
    +-----------------------+----------+----+---+----+------------+------------+
    |icmp_ln56_fu_249_p2    |      icmp|   0|  0|   8|           2|           1|
    |icmp_ln70_fu_295_p2    |      icmp|   0|  0|   8|           2|           1|
    |select_ln56_fu_256_p3  |    select|   0|  0|   3|           1|           3|
    |select_ln70_fu_301_p3  |    select|   0|  0|   3|           1|           3|
    |shl_ln70_fu_281_p2     |       shl|   0|  0|  15|           4|           7|
    +-----------------------+----------+----+---+----+------------+------------+
    |Total                  |          |   0|  0|  37|          10|          15|
    +-----------------------+----------+----+---+----+------------+------------+

    * Multiplexer: 
    +-------------------------------------------+----+-----------+-----+-----------+
    |                    Name                   | LUT| Input Size| Bits| Total Bits|
    +-------------------------------------------+----+-----------+-----+-----------+
    |W_M_imag_V_address0                        |  14|          3|    4|         12|
    |W_M_imag_V_ce0                             |  14|          3|    1|          3|
    |W_M_real_V_address0                        |  14|          3|    4|         12|
    |W_M_real_V_ce0                             |  14|          3|    1|          3|
    |ap_NS_fsm                                  |  81|         17|    1|         17|
    |data_IN_ARVALID                            |   9|          2|    1|          2|
    |data_IN_RREADY                             |   9|          2|    1|          2|
    |data_OUT0_M_imag_V_address0                |  14|          3|    5|         15|
    |data_OUT0_M_imag_V_ce0                     |  14|          3|    1|          3|
    |data_OUT0_M_imag_V_ce1                     |   9|          2|    1|          2|
    |data_OUT0_M_imag_V_we0                     |   9|          2|    1|          2|
    |data_OUT0_M_real_V_address0                |  14|          3|    5|         15|
    |data_OUT0_M_real_V_ce0                     |  14|          3|    1|          3|
    |data_OUT0_M_real_V_ce1                     |   9|          2|    1|          2|
    |data_OUT0_M_real_V_we0                     |   9|          2|    1|          2|
    |data_OUT1_M_imag_V_address0                |  14|          3|    5|         15|
    |data_OUT1_M_imag_V_ce0                     |  14|          3|    1|          3|
    |data_OUT1_M_imag_V_ce1                     |   9|          2|    1|          2|
    |data_OUT1_M_imag_V_we0                     |   9|          2|    1|          2|
    |data_OUT1_M_real_V_address0                |  14|          3|    5|         15|
    |data_OUT1_M_real_V_ce0                     |  14|          3|    1|          3|
    |data_OUT1_M_real_V_ce1                     |   9|          2|    1|          2|
    |data_OUT1_M_real_V_we0                     |   9|          2|    1|          2|
    |data_OUT2_M_imag_V_address0                |  14|          3|    5|         15|
    |data_OUT2_M_imag_V_ce0                     |  14|          3|    1|          3|
    |data_OUT2_M_imag_V_ce1                     |   9|          2|    1|          2|
    |data_OUT2_M_imag_V_we0                     |   9|          2|    1|          2|
    |data_OUT2_M_real_V_address0                |  14|          3|    5|         15|
    |data_OUT2_M_real_V_ce0                     |  14|          3|    1|          3|
    |data_OUT2_M_real_V_ce1                     |   9|          2|    1|          2|
    |data_OUT2_M_real_V_we0                     |   9|          2|    1|          2|
    |data_OUT3_M_imag_V_address0                |  14|          3|    5|         15|
    |data_OUT3_M_imag_V_ce0                     |  14|          3|    1|          3|
    |data_OUT3_M_imag_V_ce1                     |   9|          2|    1|          2|
    |data_OUT3_M_imag_V_we0                     |   9|          2|    1|          2|
    |data_OUT3_M_real_V_address0                |  14|          3|    5|         15|
    |data_OUT3_M_real_V_ce0                     |  14|          3|    1|          3|
    |data_OUT3_M_real_V_ce1                     |   9|          2|    1|          2|
    |data_OUT3_M_real_V_we0                     |   9|          2|    1|          2|
    |data_OUT4_M_imag_V_address0                |  14|          3|    5|         15|
    |data_OUT4_M_imag_V_ce0                     |  14|          3|    1|          3|
    |data_OUT4_M_imag_V_ce1                     |   9|          2|    1|          2|
    |data_OUT4_M_imag_V_we0                     |   9|          2|    1|          2|
    |data_OUT4_M_real_V_address0                |  14|          3|    5|         15|
    |data_OUT4_M_real_V_ce0                     |  14|          3|    1|          3|
    |data_OUT4_M_real_V_ce1                     |   9|          2|    1|          2|
    |data_OUT4_M_real_V_we0                     |   9|          2|    1|          2|
    |data_OUT_AWVALID                           |   9|          2|    1|          2|
    |data_OUT_BREADY                            |   9|          2|    1|          2|
    |data_OUT_WVALID                            |   9|          2|    1|          2|
    |grp_FFT0_1_fu_165_FFT_stage_offset         |  25|          5|    4|         20|
    |grp_FFT0_1_fu_165_data_IN_M_imag_0_0_0_q0  |  25|          5|   16|         80|
    |grp_FFT0_1_fu_165_data_IN_M_imag_0_0_0_q1  |  25|          5|   16|         80|
    |grp_FFT0_1_fu_165_data_IN_M_real_0_0_0_q0  |  25|          5|   16|         80|
    |grp_FFT0_1_fu_165_data_IN_M_real_0_0_0_q1  |  25|          5|   16|         80|
    |grp_FFT0_1_fu_165_index_shift_offset       |  25|          5|    3|         15|
    |grp_FFT0_1_fu_165_pass_check_offset        |  25|          5|    4|         20|
    |grp_FFT0_1_fu_165_pass_shift_offset        |  25|          5|    3|         15|
    |xin_M_imag_V_address0                      |  14|          3|    5|         15|
    |xin_M_imag_V_ce0                           |  14|          3|    1|          3|
    |xin_M_imag_V_we0                           |   9|          2|    1|          2|
    |xin_M_real_V_address0                      |  14|          3|    5|         15|
    |xin_M_real_V_ce0                           |  14|          3|    1|          3|
    |xin_M_real_V_we0                           |   9|          2|    1|          2|
    |xout_M_imag_V_address0                     |  14|          3|    5|         15|
    |xout_M_imag_V_ce0                          |  14|          3|    1|          3|
    |xout_M_imag_V_ce1                          |   9|          2|    1|          2|
    |xout_M_imag_V_we0                          |   9|          2|    1|          2|
    |xout_M_imag_V_we1                          |   9|          2|    1|          2|
    |xout_M_real_V_address0                     |  14|          3|    5|         15|
    |xout_M_real_V_ce0                          |  14|          3|    1|          3|
    |xout_M_real_V_ce1                          |   9|          2|    1|          2|
    |xout_M_real_V_we0                          |   9|          2|    1|          2|
    |xout_M_real_V_we1                          |   9|          2|    1|          2|
    +-------------------------------------------+----+-----------+-----+-----------+
    |Total                                      |1026|        219|  206|        755|
    +-------------------------------------------+----+-----------+-----+-----------+

    * Register: 
    +---------------------------------------------------------+----+----+-----+-----------+
    |                           Name                          | FF | LUT| Bits| Const Bits|
    +---------------------------------------------------------+----+----+-----+-----------+
    |ap_CS_fsm                                                |  16|   0|   16|          0|
    |data_IN_offset_read_reg_331                              |  32|   0|   32|          0|
    |data_OUT_offset_read_reg_326                             |  32|   0|   32|          0|
    |grp_FFT0_1_fu_165_ap_start_reg                           |   1|   0|    1|          0|
    |grp_FFT_Pipeline_FFT_label1_fu_213_ap_start_reg          |   1|   0|    1|          0|
    |grp_FFT_Pipeline_Input_loop_fu_136_ap_start_reg          |   1|   0|    1|          0|
    |grp_FFT_Pipeline_Output_loop_fu_229_ap_start_reg         |   1|   0|    1|          0|
    |grp_FFT_Pipeline_bitreversal_label1_fu_151_ap_start_reg  |   1|   0|    1|          0|
    |icmp_ln56_reg_336                                        |   1|   0|    1|          0|
    |icmp_ln70_reg_363                                        |   1|   0|    1|          0|
    |select_ln56_reg_341                                      |   2|   0|    2|          0|
    |select_ln70_reg_368                                      |   2|   0|    2|          0|
    |shl_ln56_1_reg_346                                       |   2|   0|    5|          3|
    |shl_ln70_2_reg_358                                       |   2|   0|    5|          3|
    |tmp_5_reg_378                                            |   3|   0|    3|          0|
    |trunc_ln70_2_reg_373                                     |   4|   0|    4|          0|
    |trunc_ln70_reg_351                                       |   2|   0|    2|          0|
    +---------------------------------------------------------+----+----+-----+-----------+
    |Total                                                    | 104|   0|  110|          6|
    +---------------------------------------------------------+----+----+-----+-----------+



================================================================
== Interface
================================================================
* Summary: 
+-------------------------+-----+-----+------------+--------------+--------------+
|        RTL Ports        | Dir | Bits|  Protocol  | Source Object|    C Type    |
+-------------------------+-----+-----+------------+--------------+--------------+
|s_axi_control_AWVALID    |   in|    1|       s_axi|       control|        scalar|
|s_axi_control_AWREADY    |  out|    1|       s_axi|       control|        scalar|
|s_axi_control_AWADDR     |   in|    5|       s_axi|       control|        scalar|
|s_axi_control_WVALID     |   in|    1|       s_axi|       control|        scalar|
|s_axi_control_WREADY     |  out|    1|       s_axi|       control|        scalar|
|s_axi_control_WDATA      |   in|   32|       s_axi|       control|        scalar|
|s_axi_control_WSTRB      |   in|    4|       s_axi|       control|        scalar|
|s_axi_control_ARVALID    |   in|    1|       s_axi|       control|        scalar|
|s_axi_control_ARREADY    |  out|    1|       s_axi|       control|        scalar|
|s_axi_control_ARADDR     |   in|    5|       s_axi|       control|        scalar|
|s_axi_control_RVALID     |  out|    1|       s_axi|       control|        scalar|
|s_axi_control_RREADY     |   in|    1|       s_axi|       control|        scalar|
|s_axi_control_RDATA      |  out|   32|       s_axi|       control|        scalar|
|s_axi_control_RRESP      |  out|    2|       s_axi|       control|        scalar|
|s_axi_control_BVALID     |  out|    1|       s_axi|       control|        scalar|
|s_axi_control_BREADY     |   in|    1|       s_axi|       control|        scalar|
|s_axi_control_BRESP      |  out|    2|       s_axi|       control|        scalar|
|ap_clk                   |   in|    1|  ap_ctrl_hs|           FFT|  return value|
|ap_rst_n                 |   in|    1|  ap_ctrl_hs|           FFT|  return value|
|interrupt                |  out|    1|  ap_ctrl_hs|           FFT|  return value|
|m_axi_data_IN_AWVALID    |  out|    1|       m_axi|       data_IN|       pointer|
|m_axi_data_IN_AWREADY    |   in|    1|       m_axi|       data_IN|       pointer|
|m_axi_data_IN_AWADDR     |  out|   32|       m_axi|       data_IN|       pointer|
|m_axi_data_IN_AWID       |  out|    1|       m_axi|       data_IN|       pointer|
|m_axi_data_IN_AWLEN      |  out|    8|       m_axi|       data_IN|       pointer|
|m_axi_data_IN_AWSIZE     |  out|    3|       m_axi|       data_IN|       pointer|
|m_axi_data_IN_AWBURST    |  out|    2|       m_axi|       data_IN|       pointer|
|m_axi_data_IN_AWLOCK     |  out|    2|       m_axi|       data_IN|       pointer|
|m_axi_data_IN_AWCACHE    |  out|    4|       m_axi|       data_IN|       pointer|
|m_axi_data_IN_AWPROT     |  out|    3|       m_axi|       data_IN|       pointer|
|m_axi_data_IN_AWQOS      |  out|    4|       m_axi|       data_IN|       pointer|
|m_axi_data_IN_AWREGION   |  out|    4|       m_axi|       data_IN|       pointer|
|m_axi_data_IN_AWUSER     |  out|    1|       m_axi|       data_IN|       pointer|
|m_axi_data_IN_WVALID     |  out|    1|       m_axi|       data_IN|       pointer|
|m_axi_data_IN_WREADY     |   in|    1|       m_axi|       data_IN|       pointer|
|m_axi_data_IN_WDATA      |  out|   32|       m_axi|       data_IN|       pointer|
|m_axi_data_IN_WSTRB      |  out|    4|       m_axi|       data_IN|       pointer|
|m_axi_data_IN_WLAST      |  out|    1|       m_axi|       data_IN|       pointer|
|m_axi_data_IN_WID        |  out|    1|       m_axi|       data_IN|       pointer|
|m_axi_data_IN_WUSER      |  out|    1|       m_axi|       data_IN|       pointer|
|m_axi_data_IN_ARVALID    |  out|    1|       m_axi|       data_IN|       pointer|
|m_axi_data_IN_ARREADY    |   in|    1|       m_axi|       data_IN|       pointer|
|m_axi_data_IN_ARADDR     |  out|   32|       m_axi|       data_IN|       pointer|
|m_axi_data_IN_ARID       |  out|    1|       m_axi|       data_IN|       pointer|
|m_axi_data_IN_ARLEN      |  out|    8|       m_axi|       data_IN|       pointer|
|m_axi_data_IN_ARSIZE     |  out|    3|       m_axi|       data_IN|       pointer|
|m_axi_data_IN_ARBURST    |  out|    2|       m_axi|       data_IN|       pointer|
|m_axi_data_IN_ARLOCK     |  out|    2|       m_axi|       data_IN|       pointer|
|m_axi_data_IN_ARCACHE    |  out|    4|       m_axi|       data_IN|       pointer|
|m_axi_data_IN_ARPROT     |  out|    3|       m_axi|       data_IN|       pointer|
|m_axi_data_IN_ARQOS      |  out|    4|       m_axi|       data_IN|       pointer|
|m_axi_data_IN_ARREGION   |  out|    4|       m_axi|       data_IN|       pointer|
|m_axi_data_IN_ARUSER     |  out|    1|       m_axi|       data_IN|       pointer|
|m_axi_data_IN_RVALID     |   in|    1|       m_axi|       data_IN|       pointer|
|m_axi_data_IN_RREADY     |  out|    1|       m_axi|       data_IN|       pointer|
|m_axi_data_IN_RDATA      |   in|   32|       m_axi|       data_IN|       pointer|
|m_axi_data_IN_RLAST      |   in|    1|       m_axi|       data_IN|       pointer|
|m_axi_data_IN_RID        |   in|    1|       m_axi|       data_IN|       pointer|
|m_axi_data_IN_RUSER      |   in|    1|       m_axi|       data_IN|       pointer|
|m_axi_data_IN_RRESP      |   in|    2|       m_axi|       data_IN|       pointer|
|m_axi_data_IN_BVALID     |   in|    1|       m_axi|       data_IN|       pointer|
|m_axi_data_IN_BREADY     |  out|    1|       m_axi|       data_IN|       pointer|
|m_axi_data_IN_BRESP      |   in|    2|       m_axi|       data_IN|       pointer|
|m_axi_data_IN_BID        |   in|    1|       m_axi|       data_IN|       pointer|
|m_axi_data_IN_BUSER      |   in|    1|       m_axi|       data_IN|       pointer|
|m_axi_data_OUT_AWVALID   |  out|    1|       m_axi|      data_OUT|       pointer|
|m_axi_data_OUT_AWREADY   |   in|    1|       m_axi|      data_OUT|       pointer|
|m_axi_data_OUT_AWADDR    |  out|   32|       m_axi|      data_OUT|       pointer|
|m_axi_data_OUT_AWID      |  out|    1|       m_axi|      data_OUT|       pointer|
|m_axi_data_OUT_AWLEN     |  out|    8|       m_axi|      data_OUT|       pointer|
|m_axi_data_OUT_AWSIZE    |  out|    3|       m_axi|      data_OUT|       pointer|
|m_axi_data_OUT_AWBURST   |  out|    2|       m_axi|      data_OUT|       pointer|
|m_axi_data_OUT_AWLOCK    |  out|    2|       m_axi|      data_OUT|       pointer|
|m_axi_data_OUT_AWCACHE   |  out|    4|       m_axi|      data_OUT|       pointer|
|m_axi_data_OUT_AWPROT    |  out|    3|       m_axi|      data_OUT|       pointer|
|m_axi_data_OUT_AWQOS     |  out|    4|       m_axi|      data_OUT|       pointer|
|m_axi_data_OUT_AWREGION  |  out|    4|       m_axi|      data_OUT|       pointer|
|m_axi_data_OUT_AWUSER    |  out|    1|       m_axi|      data_OUT|       pointer|
|m_axi_data_OUT_WVALID    |  out|    1|       m_axi|      data_OUT|       pointer|
|m_axi_data_OUT_WREADY    |   in|    1|       m_axi|      data_OUT|       pointer|
|m_axi_data_OUT_WDATA     |  out|   32|       m_axi|      data_OUT|       pointer|
|m_axi_data_OUT_WSTRB     |  out|    4|       m_axi|      data_OUT|       pointer|
|m_axi_data_OUT_WLAST     |  out|    1|       m_axi|      data_OUT|       pointer|
|m_axi_data_OUT_WID       |  out|    1|       m_axi|      data_OUT|       pointer|
|m_axi_data_OUT_WUSER     |  out|    1|       m_axi|      data_OUT|       pointer|
|m_axi_data_OUT_ARVALID   |  out|    1|       m_axi|      data_OUT|       pointer|
|m_axi_data_OUT_ARREADY   |   in|    1|       m_axi|      data_OUT|       pointer|
|m_axi_data_OUT_ARADDR    |  out|   32|       m_axi|      data_OUT|       pointer|
|m_axi_data_OUT_ARID      |  out|    1|       m_axi|      data_OUT|       pointer|
|m_axi_data_OUT_ARLEN     |  out|    8|       m_axi|      data_OUT|       pointer|
|m_axi_data_OUT_ARSIZE    |  out|    3|       m_axi|      data_OUT|       pointer|
|m_axi_data_OUT_ARBURST   |  out|    2|       m_axi|      data_OUT|       pointer|
|m_axi_data_OUT_ARLOCK    |  out|    2|       m_axi|      data_OUT|       pointer|
|m_axi_data_OUT_ARCACHE   |  out|    4|       m_axi|      data_OUT|       pointer|
|m_axi_data_OUT_ARPROT    |  out|    3|       m_axi|      data_OUT|       pointer|
|m_axi_data_OUT_ARQOS     |  out|    4|       m_axi|      data_OUT|       pointer|
|m_axi_data_OUT_ARREGION  |  out|    4|       m_axi|      data_OUT|       pointer|
|m_axi_data_OUT_ARUSER    |  out|    1|       m_axi|      data_OUT|       pointer|
|m_axi_data_OUT_RVALID    |   in|    1|       m_axi|      data_OUT|       pointer|
|m_axi_data_OUT_RREADY    |  out|    1|       m_axi|      data_OUT|       pointer|
|m_axi_data_OUT_RDATA     |   in|   32|       m_axi|      data_OUT|       pointer|
|m_axi_data_OUT_RLAST     |   in|    1|       m_axi|      data_OUT|       pointer|
|m_axi_data_OUT_RID       |   in|    1|       m_axi|      data_OUT|       pointer|
|m_axi_data_OUT_RUSER     |   in|    1|       m_axi|      data_OUT|       pointer|
|m_axi_data_OUT_RRESP     |   in|    2|       m_axi|      data_OUT|       pointer|
|m_axi_data_OUT_BVALID    |   in|    1|       m_axi|      data_OUT|       pointer|
|m_axi_data_OUT_BREADY    |  out|    1|       m_axi|      data_OUT|       pointer|
|m_axi_data_OUT_BRESP     |   in|    2|       m_axi|      data_OUT|       pointer|
|m_axi_data_OUT_BID       |   in|    1|       m_axi|      data_OUT|       pointer|
|m_axi_data_OUT_BUSER     |   in|    1|       m_axi|      data_OUT|       pointer|
+-------------------------+-----+-----+------------+--------------+--------------+

